C:\Program Files\dotnet\sdk\10.0.103\Microsoft.Common.CurrentVersion.targets(5381,5): error MSB3027: "D:\SoftHive\Projects\2025\TumMenu\WebUI\obj\Debug\net8.0\apphost.exe", "bin\Debug\net8.0\WebUI.exe" üzerine kopyalanamadı. 10 yeniden deneme sayısı aşıldı. Başarısız oldu. Dosya şunun tarafından kilitlendi: "WebUI (6228)" [D:\SoftHive\Projects\2025\TumMenu\WebUI\WebUI.csproj]
C:\Program Files\dotnet\sdk\10.0.103\Microsoft.Common.CurrentVersion.targets(5381,5): error MSB3021: "D:\SoftHive\Projects\2025\TumMenu\WebUI\obj\Debug\net8.0\apphost.exe" dosyası "bin\Debug\net8.0\WebUI.exe" üzerine kopyalanamıyor. The process cannot access the file 'D:\SoftHive\Projects\2025\TumMenu\WebUI\bin\Debug\net8.0\WebUI.exe' because it is being used by another process. [D:\SoftHive\Projects\2025\TumMenu\WebUI\WebUI.csproj]

Oluşturma BAŞARISIZ OLDU.
    12 Uyarı
    2 Hata

Geçen Süre 00:00:15.05
