  Geri y├╝klenecek projeler belirleniyor...
D:\SoftHive\Projects\2025\TumMenu\Microservices\Location\WebAPI\WebAPI.csproj : warning NU1903: 'System.Linq.Dynamic.Core' 1.4.3 paketinde ├Ânem derecesi y├╝ksek olan bilinen bir https://github.com/advisories/GHSA-4cv2-4hjh-77rx g├╝venlik a├ğ─▒─ş─▒ var [D:\SoftHive\Projects\2025\TumMenu\TumMenu.sln]
  Geri y├╝kleme i├ğin t├╝m projeler g├╝ncel.
D:\SoftHive\Projects\2025\TumMenu\Microservices\Location\WebAPI\WebAPI.csproj : warning NU1903: 'System.Linq.Dynamic.Core' 1.4.3 paketinde ├Ânem derecesi y├╝ksek olan bilinen bir https://github.com/advisories/GHSA-4cv2-4hjh-77rx g├╝venlik a├ğ─▒─ş─▒ var
  Domain -> D:\SoftHive\Projects\2025\TumMenu\Domain\bin\Debug\net8.0\Domain.dll
  Application -> D:\SoftHive\Projects\2025\TumMenu\Application\bin\Debug\net8.0\Application.dll
C:\Program Files\dotnet\sdk\10.0.103\Microsoft.Common.CurrentVersion.targets(5381,5): warning MSB3026: "D:\SoftHive\Projects\2025\TumMenu\Microservices\Location\WebAPI\obj\Debug\net8.0\apphost.exe", "bin\Debug\net8.0\WebAPI.exe" ├╝zerine kopyalanamad─▒. 1 numaral─▒ yeniden denemeye 1000 ms i├ğinde ba┼şlanacak. The process cannot access the file 'D:\SoftHive\Projects\2025\TumMenu\Microservices\Location\WebAPI\bin\Debug\net8.0\WebAPI.exe' because it is being used by another process. Dosya ┼şunun taraf─▒ndan kilitlendi: "WebAPI (25316)" [D:\SoftHive\Projects\2025\TumMenu\Microservices\Location\WebAPI\WebAPI.csproj]
  Infrastructure -> D:\SoftHive\Projects\2025\TumMenu\Infrastructure\bin\Debug\net8.0\Infrastructure.dll
C:\Program Files\dotnet\sdk\10.0.103\Microsoft.Common.CurrentVersion.targets(5381,5): warning MSB3026: "D:\SoftHive\Projects\2025\TumMenu\Microservices\Location\WebAPI\obj\Debug\net8.0\apphost.exe", "bin\Debug\net8.0\WebAPI.exe" ├╝zerine kopyalanamad─▒. 2 numaral─▒ yeniden denemeye 1000 ms i├ğinde ba┼şlanacak. The process cannot access the file 'D:\SoftHive\Projects\2025\TumMenu\Microservices\Location\WebAPI\bin\Debug\net8.0\WebAPI.exe' because it is being used by another process. Dosya ┼şunun taraf─▒ndan kilitlendi: "WebAPI (25316)" [D:\SoftHive\Projects\2025\TumMenu\Microservices\Location\WebAPI\WebAPI.csproj]
C:\Program Files\dotnet\sdk\10.0.103\Microsoft.Common.CurrentVersion.targets(5381,5): warning MSB3026: "D:\SoftHive\Projects\2025\TumMenu\Microservices\Location\WebAPI\obj\Debug\net8.0\apphost.exe", "bin\Debug\net8.0\WebAPI.exe" ├╝zerine kopyalanamad─▒. 3 numaral─▒ yeniden denemeye 1000 ms i├ğinde ba┼şlanacak. The process cannot access the file 'D:\SoftHive\Projects\2025\TumMenu\Microservices\Location\WebAPI\bin\Debug\net8.0\WebAPI.exe' because it is being used by another process. Dosya ┼şunun taraf─▒ndan kilitlendi: "WebAPI (25316)" [D:\SoftHive\Projects\2025\TumMenu\Microservices\Location\WebAPI\WebAPI.csproj]
C:\Program Files\dotnet\sdk\10.0.103\Microsoft.Common.CurrentVersion.targets(5381,5): warning MSB3026: "D:\SoftHive\Projects\2025\TumMenu\Microservices\Location\WebAPI\obj\Debug\net8.0\apphost.exe", "bin\Debug\net8.0\WebAPI.exe" ├╝zerine kopyalanamad─▒. 4 numaral─▒ yeniden denemeye 1000 ms i├ğinde ba┼şlanacak. The process cannot access the file 'D:\SoftHive\Projects\2025\TumMenu\Microservices\Location\WebAPI\bin\Debug\net8.0\WebAPI.exe' because it is being used by another process. Dosya ┼şunun taraf─▒ndan kilitlendi: "WebAPI (25316)" [D:\SoftHive\Projects\2025\TumMenu\Microservices\Location\WebAPI\WebAPI.csproj]
C:\Program Files\dotnet\sdk\10.0.103\Microsoft.Common.CurrentVersion.targets(5381,5): warning MSB3026: "D:\SoftHive\Projects\2025\TumMenu\Microservices\Location\WebAPI\obj\Debug\net8.0\apphost.exe", "bin\Debug\net8.0\WebAPI.exe" ├╝zerine kopyalanamad─▒. 5 numaral─▒ yeniden denemeye 1000 ms i├ğinde ba┼şlanacak. The process cannot access the file 'D:\SoftHive\Projects\2025\TumMenu\Microservices\Location\WebAPI\bin\Debug\net8.0\WebAPI.exe' because it is being used by another process. Dosya ┼şunun taraf─▒ndan kilitlendi: "WebAPI (25316)" [D:\SoftHive\Projects\2025\TumMenu\Microservices\Location\WebAPI\WebAPI.csproj]
D:\SoftHive\Projects\2025\TumMenu\WebUI\Controllers\HomeController.cs(80,26): warning CS0114: 'HomeController.NotFound()' devral─▒nm─▒┼ş 'ControllerBase.NotFound()' ├╝yesini gizliyor. Ge├ğerli ├╝yenin bu uygulamay─▒ ge├ğersiz k─▒lmas─▒ i├ğin override anahtar s├Âzc├╝─ş├╝n├╝ ekleyin. Aksi takdirde new anahtar s├Âzc├╝─ş├╝n├╝ ekleyin. [D:\SoftHive\Projects\2025\TumMenu\WebUI\WebUI.csproj]
D:\SoftHive\Projects\2025\TumMenu\WebUI\Controllers\UsersController.cs(74,16): warning CS8618: Null atanamaz ├Âzellik 'Email', olu┼şturucudan ├ğ─▒k─▒┼ş yaparken null olmayan bir de─şer i├ğermelidir. 'Gerekli' de─şi┼ştiricisini ekleyin veya ├Âzellik de─şerini null atanabilir olarak bildirmeyi g├Âz ├Ân├╝nde bulundurun. [D:\SoftHive\Projects\2025\TumMenu\WebUI\WebUI.csproj]
D:\SoftHive\Projects\2025\TumMenu\WebUI\Controllers\UsersController.cs(75,16): warning CS8618: Null atanamaz ├Âzellik 'Password', olu┼şturucudan ├ğ─▒k─▒┼ş yaparken null olmayan bir de─şer i├ğermelidir. 'Gerekli' de─şi┼ştiricisini ekleyin veya ├Âzellik de─şerini null atanabilir olarak bildirmeyi g├Âz ├Ân├╝nde bulundurun. [D:\SoftHive\Projects\2025\TumMenu\WebUI\WebUI.csproj]
D:\SoftHive\Projects\2025\TumMenu\WebUI\Controllers\UsersController.cs(61,48): warning CS8604: 'Task<IList<string>> UserManager<ApplicationUser>.GetRolesAsync(ApplicationUser user)' i├ğindeki 'user' parametresi i├ğin olas─▒ null ba┼şvuru ba─ş─▒ms─▒z de─şi┼şkeni. [D:\SoftHive\Projects\2025\TumMenu\WebUI\WebUI.csproj]
D:\SoftHive\Projects\2025\TumMenu\WebUI\Controllers\HomeController.cs(72,26): warning CS0168: 'ex' de─şi┼şkeni ifade edilir ancak hi├ğbir zaman kullan─▒lmaz [D:\SoftHive\Projects\2025\TumMenu\WebUI\WebUI.csproj]
D:\SoftHive\Projects\2025\TumMenu\WebUI\Areas\Admin\Views\Ads\CreatePlacement.cshtml(22,52): warning CS8602: Olas─▒ bir null ba┼şvurunun ba┼şvurma i┼şlemi. [D:\SoftHive\Projects\2025\TumMenu\WebUI\WebUI.csproj]
D:\SoftHive\Projects\2025\TumMenu\WebUI\Areas\Admin\Views\Ads\CreatePlacement.cshtml(34,56): warning CS8602: Olas─▒ bir null ba┼şvurunun ba┼şvurma i┼şlemi. [D:\SoftHive\Projects\2025\TumMenu\WebUI\WebUI.csproj]
D:\SoftHive\Projects\2025\TumMenu\WebUI\Areas\Admin\Views\Media\Index.cshtml(66,66): error CS1061: 'PaginatedListDTO<MediaDTO>' bir 'PageIndex' tan─▒m─▒ i├ğermiyor ve 'PaginatedListDTO<MediaDTO>' t├╝r├╝nde bir ilk ba─ş─▒ms─▒z de─şi┼şken kabul eden hi├ğbir eri┼şilebilir 'PageIndex' geni┼şletme y├Ântemi bulunamad─▒ (bir kullanma y├Ânergeniz veya derleme ba┼şvurunuz eksik olabilir mi?) [D:\SoftHive\Projects\2025\TumMenu\WebUI\WebUI.csproj]
D:\SoftHive\Projects\2025\TumMenu\WebUI\Areas\Admin\Views\Media\Index.cshtml(69,62): error CS1061: 'PaginatedListDTO<MediaDTO>' bir 'PageIndex' tan─▒m─▒ i├ğermiyor ve 'PaginatedListDTO<MediaDTO>' t├╝r├╝nde bir ilk ba─ş─▒ms─▒z de─şi┼şken kabul eden hi├ğbir eri┼şilebilir 'PageIndex' geni┼şletme y├Ântemi bulunamad─▒ (bir kullanma y├Ânergeniz veya derleme ba┼şvurunuz eksik olabilir mi?) [D:\SoftHive\Projects\2025\TumMenu\WebUI\WebUI.csproj]
D:\SoftHive\Projects\2025\TumMenu\WebUI\Areas\Admin\Views\Media\Index.cshtml(69,81): error CS1061: 'PaginatedListDTO<MediaDTO>' bir 'TotalPages' tan─▒m─▒ i├ğermiyor ve 'PaginatedListDTO<MediaDTO>' t├╝r├╝nde bir ilk ba─ş─▒ms─▒z de─şi┼şken kabul eden hi├ğbir eri┼şilebilir 'TotalPages' geni┼şletme y├Ântemi bulunamad─▒ (bir kullanma y├Ânergeniz veya derleme ba┼şvurunuz eksik olabilir mi?) [D:\SoftHive\Projects\2025\TumMenu\WebUI\WebUI.csproj]
D:\SoftHive\Projects\2025\TumMenu\WebUI\Areas\Admin\Views\Media\Index.cshtml(72,66): error CS1061: 'PaginatedListDTO<MediaDTO>' bir 'PageIndex' tan─▒m─▒ i├ğermiyor ve 'PaginatedListDTO<MediaDTO>' t├╝r├╝nde bir ilk ba─ş─▒ms─▒z de─şi┼şken kabul eden hi├ğbir eri┼şilebilir 'PageIndex' geni┼şletme y├Ântemi bulunamad─▒ (bir kullanma y├Ânergeniz veya derleme ba┼şvurunuz eksik olabilir mi?) [D:\SoftHive\Projects\2025\TumMenu\WebUI\WebUI.csproj]
D:\SoftHive\Projects\2025\TumMenu\WebUI\Areas\Admin\Views\Ads\EditPlacement.cshtml(29,52): warning CS8602: Olas─▒ bir null ba┼şvurunun ba┼şvurma i┼şlemi. [D:\SoftHive\Projects\2025\TumMenu\WebUI\WebUI.csproj]
D:\SoftHive\Projects\2025\TumMenu\WebUI\Areas\Admin\Views\Ads\EditPlacement.cshtml(40,56): warning CS8602: Olas─▒ bir null ba┼şvurunun ba┼şvurma i┼şlemi. [D:\SoftHive\Projects\2025\TumMenu\WebUI\WebUI.csproj]
C:\Program Files\dotnet\sdk\10.0.103\Microsoft.Common.CurrentVersion.targets(5381,5): warning MSB3026: "D:\SoftHive\Projects\2025\TumMenu\Microservices\Location\WebAPI\obj\Debug\net8.0\apphost.exe", "bin\Debug\net8.0\WebAPI.exe" ├╝zerine kopyalanamad─▒. 6 numaral─▒ yeniden denemeye 1000 ms i├ğinde ba┼şlanacak. The process cannot access the file 'D:\SoftHive\Projects\2025\TumMenu\Microservices\Location\WebAPI\bin\Debug\net8.0\WebAPI.exe' because it is being used by another process. Dosya ┼şunun taraf─▒ndan kilitlendi: "WebAPI (25316)" [D:\SoftHive\Projects\2025\TumMenu\Microservices\Location\WebAPI\WebAPI.csproj]
C:\Program Files\dotnet\sdk\10.0.103\Microsoft.Common.CurrentVersion.targets(5381,5): warning MSB3026: "D:\SoftHive\Projects\2025\TumMenu\Microservices\Location\WebAPI\obj\Debug\net8.0\apphost.exe", "bin\Debug\net8.0\WebAPI.exe" ├╝zerine kopyalanamad─▒. 7 numaral─▒ yeniden denemeye 1000 ms i├ğinde ba┼şlanacak. The process cannot access the file 'D:\SoftHive\Projects\2025\TumMenu\Microservices\Location\WebAPI\bin\Debug\net8.0\WebAPI.exe' because it is being used by another process. Dosya ┼şunun taraf─▒ndan kilitlendi: "WebAPI (25316)" [D:\SoftHive\Projects\2025\TumMenu\Microservices\Location\WebAPI\WebAPI.csproj]
C:\Program Files\dotnet\sdk\10.0.103\Microsoft.Common.CurrentVersion.targets(5381,5): warning MSB3026: "D:\SoftHive\Projects\2025\TumMenu\Microservices\Location\WebAPI\obj\Debug\net8.0\apphost.exe", "bin\Debug\net8.0\WebAPI.exe" ├╝zerine kopyalanamad─▒. 8 numaral─▒ yeniden denemeye 1000 ms i├ğinde ba┼şlanacak. The process cannot access the file 'D:\SoftHive\Projects\2025\TumMenu\Microservices\Location\WebAPI\bin\Debug\net8.0\WebAPI.exe' because it is being used by another process. Dosya ┼şunun taraf─▒ndan kilitlendi: "WebAPI (25316)" [D:\SoftHive\Projects\2025\TumMenu\Microservices\Location\WebAPI\WebAPI.csproj]
C:\Program Files\dotnet\sdk\10.0.103\Microsoft.Common.CurrentVersion.targets(5381,5): warning MSB3026: "D:\SoftHive\Projects\2025\TumMenu\Microservices\Location\WebAPI\obj\Debug\net8.0\apphost.exe", "bin\Debug\net8.0\WebAPI.exe" ├╝zerine kopyalanamad─▒. 9 numaral─▒ yeniden denemeye 1000 ms i├ğinde ba┼şlanacak. The process cannot access the file 'D:\SoftHive\Projects\2025\TumMenu\Microservices\Location\WebAPI\bin\Debug\net8.0\WebAPI.exe' because it is being used by another process. Dosya ┼şunun taraf─▒ndan kilitlendi: "WebAPI (25316)" [D:\SoftHive\Projects\2025\TumMenu\Microservices\Location\WebAPI\WebAPI.csproj]
C:\Program Files\dotnet\sdk\10.0.103\Microsoft.Common.CurrentVersion.targets(5381,5): warning MSB3026: "D:\SoftHive\Projects\2025\TumMenu\Microservices\Location\WebAPI\obj\Debug\net8.0\apphost.exe", "bin\Debug\net8.0\WebAPI.exe" ├╝zerine kopyalanamad─▒. 10 numaral─▒ yeniden denemeye 1000 ms i├ğinde ba┼şlanacak. The process cannot access the file 'D:\SoftHive\Projects\2025\TumMenu\Microservices\Location\WebAPI\bin\Debug\net8.0\WebAPI.exe' because it is being used by another process. Dosya ┼şunun taraf─▒ndan kilitlendi: "WebAPI (25316)" [D:\SoftHive\Projects\2025\TumMenu\Microservices\Location\WebAPI\WebAPI.csproj]
C:\Program Files\dotnet\sdk\10.0.103\Microsoft.Common.CurrentVersion.targets(5381,5): error MSB3027: "D:\SoftHive\Projects\2025\TumMenu\Microservices\Location\WebAPI\obj\Debug\net8.0\apphost.exe", "bin\Debug\net8.0\WebAPI.exe" ├╝zerine kopyalanamad─▒. 10 yeniden deneme say─▒s─▒ a┼ş─▒ld─▒. Ba┼şar─▒s─▒z oldu. Dosya ┼şunun taraf─▒ndan kilitlendi: "WebAPI (25316)" [D:\SoftHive\Projects\2025\TumMenu\Microservices\Location\WebAPI\WebAPI.csproj]
C:\Program Files\dotnet\sdk\10.0.103\Microsoft.Common.CurrentVersion.targets(5381,5): error MSB3021: "D:\SoftHive\Projects\2025\TumMenu\Microservices\Location\WebAPI\obj\Debug\net8.0\apphost.exe" dosyas─▒ "bin\Debug\net8.0\WebAPI.exe" ├╝zerine kopyalanam─▒yor. The process cannot access the file 'D:\SoftHive\Projects\2025\TumMenu\Microservices\Location\WebAPI\bin\Debug\net8.0\WebAPI.exe' because it is being used by another process. [D:\SoftHive\Projects\2025\TumMenu\Microservices\Location\WebAPI\WebAPI.csproj]

Olu┼şturma BA┼ŞARISIZ OLDU.

D:\SoftHive\Projects\2025\TumMenu\Microservices\Location\WebAPI\WebAPI.csproj : warning NU1903: 'System.Linq.Dynamic.Core' 1.4.3 paketinde ├Ânem derecesi y├╝ksek olan bilinen bir https://github.com/advisories/GHSA-4cv2-4hjh-77rx g├╝venlik a├ğ─▒─ş─▒ var [D:\SoftHive\Projects\2025\TumMenu\TumMenu.sln]
D:\SoftHive\Projects\2025\TumMenu\Microservices\Location\WebAPI\WebAPI.csproj : warning NU1903: 'System.Linq.Dynamic.Core' 1.4.3 paketinde ├Ânem derecesi y├╝ksek olan bilinen bir https://github.com/advisories/GHSA-4cv2-4hjh-77rx g├╝venlik a├ğ─▒─ş─▒ var
C:\Program Files\dotnet\sdk\10.0.103\Microsoft.Common.CurrentVersion.targets(5381,5): warning MSB3026: "D:\SoftHive\Projects\2025\TumMenu\Microservices\Location\WebAPI\obj\Debug\net8.0\apphost.exe", "bin\Debug\net8.0\WebAPI.exe" ├╝zerine kopyalanamad─▒. 1 numaral─▒ yeniden denemeye 1000 ms i├ğinde ba┼şlanacak. The process cannot access the file 'D:\SoftHive\Projects\2025\TumMenu\Microservices\Location\WebAPI\bin\Debug\net8.0\WebAPI.exe' because it is being used by another process. Dosya ┼şunun taraf─▒ndan kilitlendi: "WebAPI (25316)" [D:\SoftHive\Projects\2025\TumMenu\Microservices\Location\WebAPI\WebAPI.csproj]
C:\Program Files\dotnet\sdk\10.0.103\Microsoft.Common.CurrentVersion.targets(5381,5): warning MSB3026: "D:\SoftHive\Projects\2025\TumMenu\Microservices\Location\WebAPI\obj\Debug\net8.0\apphost.exe", "bin\Debug\net8.0\WebAPI.exe" ├╝zerine kopyalanamad─▒. 2 numaral─▒ yeniden denemeye 1000 ms i├ğinde ba┼şlanacak. The process cannot access the file 'D:\SoftHive\Projects\2025\TumMenu\Microservices\Location\WebAPI\bin\Debug\net8.0\WebAPI.exe' because it is being used by another process. Dosya ┼şunun taraf─▒ndan kilitlendi: "WebAPI (25316)" [D:\SoftHive\Projects\2025\TumMenu\Microservices\Location\WebAPI\WebAPI.csproj]
C:\Program Files\dotnet\sdk\10.0.103\Microsoft.Common.CurrentVersion.targets(5381,5): warning MSB3026: "D:\SoftHive\Projects\2025\TumMenu\Microservices\Location\WebAPI\obj\Debug\net8.0\apphost.exe", "bin\Debug\net8.0\WebAPI.exe" ├╝zerine kopyalanamad─▒. 3 numaral─▒ yeniden denemeye 1000 ms i├ğinde ba┼şlanacak. The process cannot access the file 'D:\SoftHive\Projects\2025\TumMenu\Microservices\Location\WebAPI\bin\Debug\net8.0\WebAPI.exe' because it is being used by another process. Dosya ┼şunun taraf─▒ndan kilitlendi: "WebAPI (25316)" [D:\SoftHive\Projects\2025\TumMenu\Microservices\Location\WebAPI\WebAPI.csproj]
C:\Program Files\dotnet\sdk\10.0.103\Microsoft.Common.CurrentVersion.targets(5381,5): warning MSB3026: "D:\SoftHive\Projects\2025\TumMenu\Microservices\Location\WebAPI\obj\Debug\net8.0\apphost.exe", "bin\Debug\net8.0\WebAPI.exe" ├╝zerine kopyalanamad─▒. 4 numaral─▒ yeniden denemeye 1000 ms i├ğinde ba┼şlanacak. The process cannot access the file 'D:\SoftHive\Projects\2025\TumMenu\Microservices\Location\WebAPI\bin\Debug\net8.0\WebAPI.exe' because it is being used by another process. Dosya ┼şunun taraf─▒ndan kilitlendi: "WebAPI (25316)" [D:\SoftHive\Projects\2025\TumMenu\Microservices\Location\WebAPI\WebAPI.csproj]
C:\Program Files\dotnet\sdk\10.0.103\Microsoft.Common.CurrentVersion.targets(5381,5): warning MSB3026: "D:\SoftHive\Projects\2025\TumMenu\Microservices\Location\WebAPI\obj\Debug\net8.0\apphost.exe", "bin\Debug\net8.0\WebAPI.exe" ├╝zerine kopyalanamad─▒. 5 numaral─▒ yeniden denemeye 1000 ms i├ğinde ba┼şlanacak. The process cannot access the file 'D:\SoftHive\Projects\2025\TumMenu\Microservices\Location\WebAPI\bin\Debug\net8.0\WebAPI.exe' because it is being used by another process. Dosya ┼şunun taraf─▒ndan kilitlendi: "WebAPI (25316)" [D:\SoftHive\Projects\2025\TumMenu\Microservices\Location\WebAPI\WebAPI.csproj]
D:\SoftHive\Projects\2025\TumMenu\WebUI\Controllers\HomeController.cs(80,26): warning CS0114: 'HomeController.NotFound()' devral─▒nm─▒┼ş 'ControllerBase.NotFound()' ├╝yesini gizliyor. Ge├ğerli ├╝yenin bu uygulamay─▒ ge├ğersiz k─▒lmas─▒ i├ğin override anahtar s├Âzc├╝─ş├╝n├╝ ekleyin. Aksi takdirde new anahtar s├Âzc├╝─ş├╝n├╝ ekleyin. [D:\SoftHive\Projects\2025\TumMenu\WebUI\WebUI.csproj]
D:\SoftHive\Projects\2025\TumMenu\WebUI\Controllers\UsersController.cs(74,16): warning CS8618: Null atanamaz ├Âzellik 'Email', olu┼şturucudan ├ğ─▒k─▒┼ş yaparken null olmayan bir de─şer i├ğermelidir. 'Gerekli' de─şi┼ştiricisini ekleyin veya ├Âzellik de─şerini null atanabilir olarak bildirmeyi g├Âz ├Ân├╝nde bulundurun. [D:\SoftHive\Projects\2025\TumMenu\WebUI\WebUI.csproj]
D:\SoftHive\Projects\2025\TumMenu\WebUI\Controllers\UsersController.cs(75,16): warning CS8618: Null atanamaz ├Âzellik 'Password', olu┼şturucudan ├ğ─▒k─▒┼ş yaparken null olmayan bir de─şer i├ğermelidir. 'Gerekli' de─şi┼ştiricisini ekleyin veya ├Âzellik de─şerini null atanabilir olarak bildirmeyi g├Âz ├Ân├╝nde bulundurun. [D:\SoftHive\Projects\2025\TumMenu\WebUI\WebUI.csproj]
D:\SoftHive\Projects\2025\TumMenu\WebUI\Controllers\UsersController.cs(61,48): warning CS8604: 'Task<IList<string>> UserManager<ApplicationUser>.GetRolesAsync(ApplicationUser user)' i├ğindeki 'user' parametresi i├ğin olas─▒ null ba┼şvuru ba─ş─▒ms─▒z de─şi┼şkeni. [D:\SoftHive\Projects\2025\TumMenu\WebUI\WebUI.csproj]
D:\SoftHive\Projects\2025\TumMenu\WebUI\Controllers\HomeController.cs(72,26): warning CS0168: 'ex' de─şi┼şkeni ifade edilir ancak hi├ğbir zaman kullan─▒lmaz [D:\SoftHive\Projects\2025\TumMenu\WebUI\WebUI.csproj]
D:\SoftHive\Projects\2025\TumMenu\WebUI\Areas\Admin\Views\Ads\CreatePlacement.cshtml(22,52): warning CS8602: Olas─▒ bir null ba┼şvurunun ba┼şvurma i┼şlemi. [D:\SoftHive\Projects\2025\TumMenu\WebUI\WebUI.csproj]
D:\SoftHive\Projects\2025\TumMenu\WebUI\Areas\Admin\Views\Ads\CreatePlacement.cshtml(34,56): warning CS8602: Olas─▒ bir null ba┼şvurunun ba┼şvurma i┼şlemi. [D:\SoftHive\Projects\2025\TumMenu\WebUI\WebUI.csproj]
D:\SoftHive\Projects\2025\TumMenu\WebUI\Areas\Admin\Views\Ads\EditPlacement.cshtml(29,52): warning CS8602: Olas─▒ bir null ba┼şvurunun ba┼şvurma i┼şlemi. [D:\SoftHive\Projects\2025\TumMenu\WebUI\WebUI.csproj]
D:\SoftHive\Projects\2025\TumMenu\WebUI\Areas\Admin\Views\Ads\EditPlacement.cshtml(40,56): warning CS8602: Olas─▒ bir null ba┼şvurunun ba┼şvurma i┼şlemi. [D:\SoftHive\Projects\2025\TumMenu\WebUI\WebUI.csproj]
C:\Program Files\dotnet\sdk\10.0.103\Microsoft.Common.CurrentVersion.targets(5381,5): warning MSB3026: "D:\SoftHive\Projects\2025\TumMenu\Microservices\Location\WebAPI\obj\Debug\net8.0\apphost.exe", "bin\Debug\net8.0\WebAPI.exe" ├╝zerine kopyalanamad─▒. 6 numaral─▒ yeniden denemeye 1000 ms i├ğinde ba┼şlanacak. The process cannot access the file 'D:\SoftHive\Projects\2025\TumMenu\Microservices\Location\WebAPI\bin\Debug\net8.0\WebAPI.exe' because it is being used by another process. Dosya ┼şunun taraf─▒ndan kilitlendi: "WebAPI (25316)" [D:\SoftHive\Projects\2025\TumMenu\Microservices\Location\WebAPI\WebAPI.csproj]
C:\Program Files\dotnet\sdk\10.0.103\Microsoft.Common.CurrentVersion.targets(5381,5): warning MSB3026: "D:\SoftHive\Projects\2025\TumMenu\Microservices\Location\WebAPI\obj\Debug\net8.0\apphost.exe", "bin\Debug\net8.0\WebAPI.exe" ├╝zerine kopyalanamad─▒. 7 numaral─▒ yeniden denemeye 1000 ms i├ğinde ba┼şlanacak. The process cannot access the file 'D:\SoftHive\Projects\2025\TumMenu\Microservices\Location\WebAPI\bin\Debug\net8.0\WebAPI.exe' because it is being used by another process. Dosya ┼şunun taraf─▒ndan kilitlendi: "WebAPI (25316)" [D:\SoftHive\Projects\2025\TumMenu\Microservices\Location\WebAPI\WebAPI.csproj]
C:\Program Files\dotnet\sdk\10.0.103\Microsoft.Common.CurrentVersion.targets(5381,5): warning MSB3026: "D:\SoftHive\Projects\2025\TumMenu\Microservices\Location\WebAPI\obj\Debug\net8.0\apphost.exe", "bin\Debug\net8.0\WebAPI.exe" ├╝zerine kopyalanamad─▒. 8 numaral─▒ yeniden denemeye 1000 ms i├ğinde ba┼şlanacak. The process cannot access the file 'D:\SoftHive\Projects\2025\TumMenu\Microservices\Location\WebAPI\bin\Debug\net8.0\WebAPI.exe' because it is being used by another process. Dosya ┼şunun taraf─▒ndan kilitlendi: "WebAPI (25316)" [D:\SoftHive\Projects\2025\TumMenu\Microservices\Location\WebAPI\WebAPI.csproj]
C:\Program Files\dotnet\sdk\10.0.103\Microsoft.Common.CurrentVersion.targets(5381,5): warning MSB3026: "D:\SoftHive\Projects\2025\TumMenu\Microservices\Location\WebAPI\obj\Debug\net8.0\apphost.exe", "bin\Debug\net8.0\WebAPI.exe" ├╝zerine kopyalanamad─▒. 9 numaral─▒ yeniden denemeye 1000 ms i├ğinde ba┼şlanacak. The process cannot access the file 'D:\SoftHive\Projects\2025\TumMenu\Microservices\Location\WebAPI\bin\Debug\net8.0\WebAPI.exe' because it is being used by another process. Dosya ┼şunun taraf─▒ndan kilitlendi: "WebAPI (25316)" [D:\SoftHive\Projects\2025\TumMenu\Microservices\Location\WebAPI\WebAPI.csproj]
C:\Program Files\dotnet\sdk\10.0.103\Microsoft.Common.CurrentVersion.targets(5381,5): warning MSB3026: "D:\SoftHive\Projects\2025\TumMenu\Microservices\Location\WebAPI\obj\Debug\net8.0\apphost.exe", "bin\Debug\net8.0\WebAPI.exe" ├╝zerine kopyalanamad─▒. 10 numaral─▒ yeniden denemeye 1000 ms i├ğinde ba┼şlanacak. The process cannot access the file 'D:\SoftHive\Projects\2025\TumMenu\Microservices\Location\WebAPI\bin\Debug\net8.0\WebAPI.exe' because it is being used by another process. Dosya ┼şunun taraf─▒ndan kilitlendi: "WebAPI (25316)" [D:\SoftHive\Projects\2025\TumMenu\Microservices\Location\WebAPI\WebAPI.csproj]
D:\SoftHive\Projects\2025\TumMenu\WebUI\Areas\Admin\Views\Media\Index.cshtml(66,66): error CS1061: 'PaginatedListDTO<MediaDTO>' bir 'PageIndex' tan─▒m─▒ i├ğermiyor ve 'PaginatedListDTO<MediaDTO>' t├╝r├╝nde bir ilk ba─ş─▒ms─▒z de─şi┼şken kabul eden hi├ğbir eri┼şilebilir 'PageIndex' geni┼şletme y├Ântemi bulunamad─▒ (bir kullanma y├Ânergeniz veya derleme ba┼şvurunuz eksik olabilir mi?) [D:\SoftHive\Projects\2025\TumMenu\WebUI\WebUI.csproj]
D:\SoftHive\Projects\2025\TumMenu\WebUI\Areas\Admin\Views\Media\Index.cshtml(69,62): error CS1061: 'PaginatedListDTO<MediaDTO>' bir 'PageIndex' tan─▒m─▒ i├ğermiyor ve 'PaginatedListDTO<MediaDTO>' t├╝r├╝nde bir ilk ba─ş─▒ms─▒z de─şi┼şken kabul eden hi├ğbir eri┼şilebilir 'PageIndex' geni┼şletme y├Ântemi bulunamad─▒ (bir kullanma y├Ânergeniz veya derleme ba┼şvurunuz eksik olabilir mi?) [D:\SoftHive\Projects\2025\TumMenu\WebUI\WebUI.csproj]
D:\SoftHive\Projects\2025\TumMenu\WebUI\Areas\Admin\Views\Media\Index.cshtml(69,81): error CS1061: 'PaginatedListDTO<MediaDTO>' bir 'TotalPages' tan─▒m─▒ i├ğermiyor ve 'PaginatedListDTO<MediaDTO>' t├╝r├╝nde bir ilk ba─ş─▒ms─▒z de─şi┼şken kabul eden hi├ğbir eri┼şilebilir 'TotalPages' geni┼şletme y├Ântemi bulunamad─▒ (bir kullanma y├Ânergeniz veya derleme ba┼şvurunuz eksik olabilir mi?) [D:\SoftHive\Projects\2025\TumMenu\WebUI\WebUI.csproj]
D:\SoftHive\Projects\2025\TumMenu\WebUI\Areas\Admin\Views\Media\Index.cshtml(72,66): error CS1061: 'PaginatedListDTO<MediaDTO>' bir 'PageIndex' tan─▒m─▒ i├ğermiyor ve 'PaginatedListDTO<MediaDTO>' t├╝r├╝nde bir ilk ba─ş─▒ms─▒z de─şi┼şken kabul eden hi├ğbir eri┼şilebilir 'PageIndex' geni┼şletme y├Ântemi bulunamad─▒ (bir kullanma y├Ânergeniz veya derleme ba┼şvurunuz eksik olabilir mi?) [D:\SoftHive\Projects\2025\TumMenu\WebUI\WebUI.csproj]
C:\Program Files\dotnet\sdk\10.0.103\Microsoft.Common.CurrentVersion.targets(5381,5): error MSB3027: "D:\SoftHive\Projects\2025\TumMenu\Microservices\Location\WebAPI\obj\Debug\net8.0\apphost.exe", "bin\Debug\net8.0\WebAPI.exe" ├╝zerine kopyalanamad─▒. 10 yeniden deneme say─▒s─▒ a┼ş─▒ld─▒. Ba┼şar─▒s─▒z oldu. Dosya ┼şunun taraf─▒ndan kilitlendi: "WebAPI (25316)" [D:\SoftHive\Projects\2025\TumMenu\Microservices\Location\WebAPI\WebAPI.csproj]
C:\Program Files\dotnet\sdk\10.0.103\Microsoft.Common.CurrentVersion.targets(5381,5): error MSB3021: "D:\SoftHive\Projects\2025\TumMenu\Microservices\Location\WebAPI\obj\Debug\net8.0\apphost.exe" dosyas─▒ "bin\Debug\net8.0\WebAPI.exe" ├╝zerine kopyalanam─▒yor. The process cannot access the file 'D:\SoftHive\Projects\2025\TumMenu\Microservices\Location\WebAPI\bin\Debug\net8.0\WebAPI.exe' because it is being used by another process. [D:\SoftHive\Projects\2025\TumMenu\Microservices\Location\WebAPI\WebAPI.csproj]
    21 Uyar─▒
    6 Hata

Ge├ğen S├╝re 00:00:14.75
